#-----------------------------------------------------------
# Vivado v2024.1 (64-bit)
# SW Build 5076996 on Wed May 22 18:37:14 MDT 2024
# IP Build 5075265 on Wed May 22 21:45:21 MDT 2024
# SharedData Build 5076995 on Wed May 22 18:29:18 MDT 2024
# Start of session at: Fri Dec 13 11:42:18 2024
# Process ID: 2712
# Current directory: Z:/Developer/core/vivado/coder/coder.runs/impl_1
# Command line: vivado.exe -log coder.vdi -applog -product Vivado -messageDb vivado.pb -mode batch -source coder.tcl -notrace
# Log file: Z:/Developer/core/vivado/coder/coder.runs/impl_1/coder.vdi
# Journal file: Z:/Developer/core/vivado/coder/coder.runs/impl_1\vivado.jou
# Running On        :DESKTOP-DA9DHSK
# Platform          :Windows Server 2016 or Windows 10
# Operating System  :19045
# Processor Detail  :Intel(R) Core(TM) i9-9880H CPU @ 2.30GHz
# CPU Frequency     :2304 MHz
# CPU Physical cores:4
# CPU Logical cores :4
# Host memory       :6422 MB
# Swap memory       :1343 MB
# Total Virtual     :7766 MB
# Available Virtual :1729 MB
#-----------------------------------------------------------
source coder.tcl -notrace
